// Jest Snapshot v1, https://goo.gl/fbAQLP

exports[`Should withActiveCard render correctly 1`] = `<div />`;
