// Jest Snapshot v1, https://goo.gl/fbAQLP

exports[`Should withReviewFrom render correctly 1`] = `<div />`;
