// Jest Snapshot v1, https://goo.gl/fbAQLP

exports[`Should PrivateRoute render correctly 1`] = `null`;
