// Jest Snapshot v1, https://goo.gl/fbAQLP

exports[`Should ReviewFrom render correctly 1`] = `
<form
  action="#"
  className="reviews__form form
    "
  method="post"
  onSubmit={[Function]}
>
  <label
    className="reviews__label form__label"
    htmlFor="review"
  >
    Your review
  </label>
  <div
    className="reviews__rating-form form__rating"
  >
    <input
      className="form__rating-input visually-hidden "
      disabled={false}
      id="5-stars"
      name="rating"
      onChange={[Function]}
      type="radio"
      value={5}
    />
    <label
      className="reviews__rating-label form__rating-label"
      htmlFor="5-stars"
      title="perfect"
    >
      <svg
        className="form__star-image"
        height="33"
        width="37"
      >
        <use
          xlinkHref="#icon-star"
        />
      </svg>
    </label>
    <input
      className="form__rating-input visually-hidden form__rating-input__checked"
      disabled={false}
      id="4-stars"
      name="rating"
      onChange={[Function]}
      type="radio"
      value={4}
    />
    <label
      className="reviews__rating-label form__rating-label"
      htmlFor="4-stars"
      title="good"
    >
      <svg
        className="form__star-image"
        height="33"
        width="37"
      >
        <use
          xlinkHref="#icon-star"
        />
      </svg>
    </label>
    <input
      className="form__rating-input visually-hidden "
      disabled={false}
      id="3-stars"
      name="rating"
      onChange={[Function]}
      type="radio"
      value={3}
    />
    <label
      className="reviews__rating-label form__rating-label"
      htmlFor="3-stars"
      title="not bad"
    >
      <svg
        className="form__star-image"
        height="33"
        width="37"
      >
        <use
          xlinkHref="#icon-star"
        />
      </svg>
    </label>
    <input
      className="form__rating-input visually-hidden "
      disabled={false}
      id="2-stars"
      name="rating"
      onChange={[Function]}
      type="radio"
      value={2}
    />
    <label
      className="reviews__rating-label form__rating-label"
      htmlFor="2-stars"
      title="badly"
    >
      <svg
        className="form__star-image"
        height="33"
        width="37"
      >
        <use
          xlinkHref="#icon-star"
        />
      </svg>
    </label>
    <input
      className="form__rating-input visually-hidden "
      disabled={false}
      id="1-stars"
      name="rating"
      onChange={[Function]}
      type="radio"
      value={1}
    />
    <label
      className="reviews__rating-label form__rating-label"
      htmlFor="1-stars"
      title="terribly"
    >
      <svg
        className="form__star-image"
        height="33"
        width="37"
      >
        <use
          xlinkHref="#icon-star"
        />
      </svg>
    </label>
  </div>
  <textarea
    className="reviews__textarea form__textarea"
    disabled={false}
    id="comment"
    maxLength={300}
    minLength={50}
    name="comment"
    onChange={[Function]}
    placeholder="Tell how was your stay, what you like and what can be improved"
    value="The house is very good, very happy, hygienic and simple living conditions around it are also very good. I hope to have the opportunity to come back. Thank you."
  />
  <div
    className="reviews__button-wrapper"
  >
    <p
      className="reviews__help"
    >
      To submit review please make sure to set 
      <span
        className="reviews__star"
      >
        rating
      </span>
       and describe your stay with at least 
      <b
        className="reviews__text-amount"
      >
        50 characters
      </b>
      .
    </p>
    <button
      className="reviews__submit form__submit button"
      disabled={false}
      type="submit"
    >
      Submit
    </button>
  </div>
</form>
`;
