// Jest Snapshot v1, https://goo.gl/fbAQLP

exports[`Should MainScreenWithOffers render correctly 1`] = `
<div
  className="cities__places-container container"
>
  <section
    className="cities__places places"
  >
    <h2
      className="visually-hidden"
    >
      Places
    </h2>
    <b
      className="places__found"
    >
      0
       places to stay in 
      Paris
    </b>
    <form
      action="#"
      className="places__sorting"
      method="get"
    >
      <span
        className="places__sorting-caption"
      >
        Sort by
      </span>
      <span
        className="places__sorting-type"
        onClick={[Function]}
        tabIndex="0"
      >
        POPULAR
        <svg
          className="places__sorting-arrow"
          height="4"
          width="7"
        >
          <use
            xlinkHref="#icon-arrow-select"
          />
        </svg>
      </span>
      <ul
        className="places__options places__options--custom "
      >
        <li
          className="places__option "
          onClick={[Function]}
          tabIndex="0"
        >
          Popular
        </li>
        <li
          className="places__option "
          onClick={[Function]}
          tabIndex="0"
        >
          Price: low to high
        </li>
        <li
          className="places__option "
          onClick={[Function]}
          tabIndex="0"
        >
          Price: high to low
        </li>
        <li
          className="places__option "
          onClick={[Function]}
          tabIndex="0"
        >
          Top rated first
        </li>
      </ul>
    </form>
    <div
      className="cities__places-list places__list tabs__content"
    />
  </section>
  <div
    className="cities__right-section"
  >
    <section
      className="cities__map map"
      id="map"
    />
  </div>
</div>
`;
