// Jest Snapshot v1, https://goo.gl/fbAQLP

exports[`Should withSortOpen render correctly 1`] = `<div />`;
