// Jest Snapshot v1, https://goo.gl/fbAQLP

exports[`Should FavoritesScreen render correctly 1`] = `
<div
  className="cities__status"
>
  ...Loading
</div>
`;
